// Jest Snapshot v1, https://goo.gl/fbAQLP

exports[`Performance: predictive performance audit should compute the predicted values 1`] = `
Object {
  "optimisticEIL": 455,
  "optimisticFCP": 2289,
  "optimisticFMP": 2289,
  "optimisticLCP": 2289,
  "optimisticSI": 1393,
  "optimisticTTFCPUI": 3790,
  "optimisticTTI": 3790,
  "pessimisticEIL": 904,
  "pessimisticFCP": 2289,
  "pessimisticFMP": 3228,
  "pessimisticLCP": 3228,
  "pessimisticSI": 3047,
  "pessimisticTTFCPUI": 5551,
  "pessimisticTTI": 5551,
  "roughEstimateOfEIL": 543,
  "roughEstimateOfFCP": 2289,
  "roughEstimateOfFMP": 2758,
  "roughEstimateOfLCP": 2758,
  "roughEstimateOfSI": 3681,
  "roughEstimateOfTTFCPUI": 3790,
  "roughEstimateOfTTI": 4671,
}
`;
