// Jest Snapshot v1, https://goo.gl/fbAQLP

exports[`FirstInteractive computed artifact: should simulate when settings specify 1`] = `
Object {
  "optimistic": 4313,
  "pessimistic": 4383,
  "timing": 4313,
}
`;
