// Jest Snapshot v1, https://goo.gl/fbAQLP

exports[`Metrics: TTI should compute a simulated value 1`] = `
Object {
  "optimistic": 4313,
  "pessimistic": 4383,
  "timing": 4348,
}
`;
