// Jest Snapshot v1, https://goo.gl/fbAQLP

exports[`Metrics: Lantern TTFCPUI should compute predicted value 1`] = `
Object {
  "optimistic": 4313,
  "pessimistic": 4383,
  "timing": 4313,
}
`;
